// Jest Snapshot v1, https://goo.gl/fbAQLP

exports[`fetches single launch 1`] = `
Object {
  "data": Object {
    "me": null,
  },
  "errors": undefined,
  "extensions": undefined,
  "http": Object {
    "headers": Headers {
      Symbol(map): Object {},
    },
  },
}
`;
